CHECK F1.L3 sign and entries: True
CHECK F1.common eigenspace: True
CHECK F1.transverse eigenspace: True
CHECK F4.orthonormality: True
CHECK F4.transversality: True
CHECK F4.orientation: True
CHECK F4.quarter turn: True
CHECK F4.cyclic generator +120 degrees: True
CHECK F4.transposition phi maps pi-phi: True
CHECK F4.D3 relations: True
CHECK F4.reflection involution: True
CHECK F4.reflection conjugates inverse: True
CHECK F4.extended rotation +60 degrees: True
CHECK F4.D6 order-six relation: True
CHECK F5.psi rotation 60: True
CHECK F5.psi reflection odd: True
CHECK F5.elevation rotation 120: True
CHECK F5.elevation conjugation odd: True
CHECK F5.elevation reflection odd: True
CHECK F2.exact chirality decomposition: True
CHECK F2.first term transverse: True
CHECK F2.second term longitudinal: True
CHECK F2.channel axial transformation P: True
CHECK F2.channel axial transformation T: True
CHECK F2.common phase invariance: True
CHECK F2.conjugation reverses C: True
CHECK F3.mean: True
CHECK F3.phase rotation: True
CHECK F3.phase unit modulus: True
CHECK F3.rotated real transverse: True
CHECK F3.rotated imaginary transverse: True
CHECK F3.tangent chirality: True
CHECK F3.longitudinal chirality: True
CHECK F3.relative distance squared: True
CHECK F6.u-type stabilizer T times conjugation: True
CHECK F6.v-type stabilizer T: True
CHECK F6.u chirality formula: True
CHECK F6.v chirality formula: True
CHECK F7.orthogonality for whole invariant subspaces: True
CHECK F1.synchronized manifold: True
CHECK F4.amplitude equivariance P: True
CHECK F4.amplitude equivariance T: True
CHECK F4.amplitude conjugation: True
CHECK F5.symmetric cubic sin3: True
CHECK F5.alternating cubic cos3: True
CHECK F5.degree-six invariant product: True
CHECK F5.exact one-step A: True
CHECK F5.exact one-step B: True
CHECK F5.exact one-step D: True
STAGE universal component jets
CHECK F8.derived X recurrence: True
CHECK F8.derived common imaginary mode: True
CHECK F8.derived F recurrence: True
CHECK F8.no h3 in-plane drift: True
CHECK F8.universal cubic root 0: True
CHECK F8.universal cubic root 1: True
CHECK F8.universal cubic root 2: True
CHECK F14.phase tangent coefficient: True
CHECK F14.phase real quadratic coefficient: True
CHECK F14.phase F correction: True
CHECK F14.phase angular correction: True
CHECK F13.isolated phase-angle 243/160: True
STAGE coefficient resolvent
CHECK F8.lift is lower triangular: True
CHECK F9.exact forward solve residual: True
CHECK F14.exact derivative solve residual: True
CHECK F9.exact limiting rational: True
CHECK F14.exact limiting lambda derivative: True
CHECK F9.scalar sum equals independently derived lift: True
CHECK F8.arbitrary-index t identity: True
CHECK F8.arbitrary-index convolution: True
CHECK F8.three-rate forcing: True
CHECK F5.one-step amplitude angle from independent lift: True
CHECK F14.one-step default coefficient: True
CHECK F14.one-step signed elevation: True
CHECK F10.on-site Jacobian: True
CHECK F10.five-coordinate gauge Jacobian: True
CHECK F11.valuation index 0: True
CHECK F11.valuation index 1: True
CHECK F11.valuation index 2: True
CHECK F11.valuation index 3: True
CHECK F11.valuation index 4: True
CHECK v02.resonance negative exact value: True
CHECK v02.resonance positive exact value: True
CHECK v02.degree-four endpoint equation: True
CHECK v02.degree-nine endpoint equation: True
CHECK v02.historical b exact: True
CHECK v02.historical b valuation: True
CHECK v02.signed-domain closed expression unchanged: True
CHECK v02.collision continuous value: True
CHECK v02.kappa1 denominator qualification: True
