**
(paper_D_v0.1.1.tex
LaTeX2e <2021-11-15> patch level 1
L3 programming layer <2022-02-24> (article.cls
Document Class: article 2021/10/04 v1.4n Standard LaTeX document class
(size11.clo
File: size11.clo 2021/10/04 v1.4n Standard LaTeX file (size option)
)
\c@part=\count181
\c@section=\count182
\c@subsection=\count183
\c@subsubsection=\count184
\c@paragraph=\count185
\c@subparagraph=\count186
\c@figure=\count187
\c@table=\count188
\abovecaptionskip=\skip47
\belowcaptionskip=\skip48
\bibindent=\dimen138
) (xcolor.sty
Package: xcolor 2021/10/31 v2.13 LaTeX color extensions (UK)
 (color.cfg
File: color.cfg 2016/01/02 v1.6 sample color configuration
)
Package xcolor Info: Driver file: xetex.def on input line 227.
 (xetex.def
File: xetex.def 2021/03/18 v5.0k Graphics/color driver for xetex
)
Package xcolor Info: Model `cmy' substituted by `cmy0' on input line 1352.
Package xcolor Info: Model `RGB' extended on input line 1368.
Package xcolor Info: Model `HTML' substituted by `rgb' on input line 1370.
Package xcolor Info: Model `Hsb' substituted by `hsb' on input line 1371.
Package xcolor Info: Model `tHsb' substituted by `hsb' on input line 1372.
Package xcolor Info: Model `HSB' substituted by `hsb' on input line 1373.
Package xcolor Info: Model `Gray' substituted by `gray' on input line 1374.
Package xcolor Info: Model `wave' substituted by `hsb' on input line 1375.
 (dvipsnam.def
File: dvipsnam.def 2016/06/17 v3.0m Driver-dependent file (DPC,SPQR)
) (svgnam.def
File: svgnam.def 2021/10/31 v2.13 Predefined colors according to SVG 1.1 (UK)
)
(x11nam.def
File: x11nam.def 2021/10/31 v2.13 Predefined colors according to Unix/X11 (UK)
)) (geometry.sty
Package: geometry 2020/01/02 v5.9 Page Geometry
 (keyval.sty
Package: keyval 2014/10/28 v1.15 key=value parser (DPC)
\KV@toks@=\toks16
) (ifvtex.sty
Package: ifvtex 2019/10/25 v1.7 ifvtex legacy package. Use iftex instead.
 (iftex.sty
Package: iftex 2022/02/03 v1.0f TeX engine tests
))
\Gm@cnth=\count189
\Gm@cntv=\count190
\c@Gm@tempcnt=\count191
\Gm@bindingoffset=\dimen139
\Gm@wd@mp=\dimen140
\Gm@odd@mp=\dimen141
\Gm@even@mp=\dimen142
\Gm@layoutwidth=\dimen143
\Gm@layoutheight=\dimen144
\Gm@layouthoffset=\dimen145
\Gm@layoutvoffset=\dimen146
\Gm@dimlist=\toks17
) (amsmath.sty
Package: amsmath 2021/10/15 v2.17l AMS math features
\@mathmargin=\skip49
For additional information on amsmath, use the `?' option.
(amstext.sty
Package: amstext 2021/08/26 v2.01 AMS text
 (amsgen.sty
File: amsgen.sty 1999/11/30 v2.0 generic functions
\@emptytoks=\toks18
\ex@=\dimen147
)) (amsbsy.sty
Package: amsbsy 1999/11/29 v1.2d Bold Symbols
\pmbraise@=\dimen148
) (amsopn.sty
Package: amsopn 2021/08/26 v2.02 operator names
)
\inf@bad=\count192
LaTeX Info: Redefining \frac on input line 234.
\uproot@=\count193
\leftroot@=\count194
LaTeX Info: Redefining \overline on input line 399.
\classnum@=\count195
\DOTSCASE@=\count196
LaTeX Info: Redefining \ldots on input line 496.
LaTeX Info: Redefining \dots on input line 499.
LaTeX Info: Redefining \cdots on input line 620.
\Mathstrutbox@=\box50
\strutbox@=\box51
\big@size=\dimen149
LaTeX Font Info:    Redeclaring font encoding OML on input line 743.
LaTeX Font Info:    Redeclaring font encoding OMS on input line 744.
\macc@depth=\count197
\c@MaxMatrixCols=\count198
\dotsspace@=\muskip16
\c@parentequation=\count199
\dspbrk@lvl=\count266
\tag@help=\toks19
\row@=\count267
\column@=\count268
\maxfields@=\count269
\andhelp@=\toks20
\eqnshift@=\dimen150
\alignsep@=\dimen151
\tagshift@=\dimen152
\tagwidth@=\dimen153
\totwidth@=\dimen154
\lineht@=\dimen155
\@envbody=\toks21
\multlinegap=\skip50
\multlinetaggap=\skip51
\mathdisplay@stack=\toks22
LaTeX Info: Redefining \[ on input line 2938.
LaTeX Info: Redefining \] on input line 2939.
) (amssymb.sty
Package: amssymb 2013/01/14 v3.01 AMS font symbols

(amsfonts.sty
Package: amsfonts 2013/01/14 v3.01 Basic AMSFonts support
\symAMSa=\mathgroup4
\symAMSb=\mathgroup5
LaTeX Font Info:    Redeclaring math symbol \hbar on input line 98.
LaTeX Font Info:    Overwriting math alphabet `\mathfrak' in version `bold'
(Font)                  U/euf/m/n --> U/euf/b/n on input line 106.
)) (unicode-math.sty (expl3.sty
Package: expl3 2022-02-24 L3 programming layer (loader) 
 (l3backend-xetex.def
File: l3backend-xetex.def 2022-02-07 L3 backend support: XeTeX
\c__kernel_sys_dvipdfmx_version_int=\count270
\l__color_backend_stack_int=\count271
\g__color_backend_stack_int=\count272
\g__graphics_track_int=\count273
\l__pdf_internal_box=\box52
\g__pdf_backend_object_int=\count274
\g__pdf_backend_annotation_int=\count275
\g__pdf_backend_link_int=\count276
))
Package: unicode-math 2020/01/31 v0.8q Unicode maths in XeLaTeX and LuaLaTeX

(unicode-math-xetex.sty
Package: unicode-math-xetex 2020/01/31 v0.8q Unicode maths in XeLaTeX and LuaLa
TeX
 (xparse.sty
Package: xparse 2022-01-12 L3 Experimental document command parser
) (l3keys2e.sty
Package: l3keys2e 2022-01-12 LaTeX2e option processing using LaTeX3 keys
) (fontspec.sty
Package: fontspec 2022/01/15 v2.8a Font selection for XeLaTeX and LuaLaTeX

(fontspec-xetex.sty
Package: fontspec-xetex 2022/01/15 v2.8a Font selection for XeLaTeX and LuaLaTe
X
\l__fontspec_script_int=\count277
\l__fontspec_language_int=\count278
\l__fontspec_strnum_int=\count279
\l__fontspec_tmp_int=\count280
\l__fontspec_tmpa_int=\count281
\l__fontspec_tmpb_int=\count282
\l__fontspec_tmpc_int=\count283
\l__fontspec_em_int=\count284
\l__fontspec_emdef_int=\count285
\l__fontspec_strong_int=\count286
\l__fontspec_strongdef_int=\count287
\l__fontspec_tmpa_dim=\dimen156
\l__fontspec_tmpb_dim=\dimen157
\l__fontspec_tmpc_dim=\dimen158
 (fontenc.sty
Package: fontenc 2021/04/29 v2.0v Standard LaTeX package
) (fontspec.cfg))) (fix-cm.sty
Package: fix-cm 2020/11/24 v1.1t fixes to LaTeX
 (ts1enc.def
File: ts1enc.def 2001/06/05 v3.0e (jk/car/fm) Standard LaTeX file
LaTeX Font Info:    Redeclaring font encoding TS1 on input line 47.
))
\g__um_fam_int=\count288
\g__um_fonts_used_int=\count289
\l__um_primecount_int=\count290
\g__um_primekern_muskip=\muskip17

(unicode-math-table.tex))) (lmodern.sty
Package: lmodern 2015/05/01 v1.6.1 Latin Modern Fonts
LaTeX Font Info:    Overwriting symbol font `operators' in version `normal'
(Font)                  OT1/cmr/m/n --> OT1/lmr/m/n on input line 22.
LaTeX Font Info:    Overwriting symbol font `letters' in version `normal'
(Font)                  OML/cmm/m/it --> OML/lmm/m/it on input line 23.
LaTeX Font Info:    Overwriting symbol font `symbols' in version `normal'
(Font)                  OMS/cmsy/m/n --> OMS/lmsy/m/n on input line 24.
LaTeX Font Info:    Overwriting symbol font `largesymbols' in version `normal'
(Font)                  OMX/cmex/m/n --> OMX/lmex/m/n on input line 25.
LaTeX Font Info:    Overwriting symbol font `operators' in version `bold'
(Font)                  OT1/cmr/bx/n --> OT1/lmr/bx/n on input line 26.
LaTeX Font Info:    Overwriting symbol font `letters' in version `bold'
(Font)                  OML/cmm/b/it --> OML/lmm/b/it on input line 27.
LaTeX Font Info:    Overwriting symbol font `symbols' in version `bold'
(Font)                  OMS/cmsy/b/n --> OMS/lmsy/b/n on input line 28.
LaTeX Font Info:    Overwriting symbol font `largesymbols' in version `bold'
(Font)                  OMX/cmex/m/n --> OMX/lmex/m/n on input line 29.
LaTeX Font Info:    Overwriting math alphabet `\mathbf' in version `normal'
(Font)                  OT1/cmr/bx/n --> OT1/lmr/bx/n on input line 31.
LaTeX Font Info:    Overwriting math alphabet `\mathsf' in version `normal'
(Font)                  OT1/cmss/m/n --> OT1/lmss/m/n on input line 32.
LaTeX Font Info:    Overwriting math alphabet `\mathit' in version `normal'
(Font)                  OT1/cmr/m/it --> OT1/lmr/m/it on input line 33.
LaTeX Font Info:    Overwriting math alphabet `\mathtt' in version `normal'
(Font)                  OT1/cmtt/m/n --> OT1/lmtt/m/n on input line 34.
LaTeX Font Info:    Overwriting math alphabet `\mathbf' in version `bold'
(Font)                  OT1/cmr/bx/n --> OT1/lmr/bx/n on input line 35.
LaTeX Font Info:    Overwriting math alphabet `\mathsf' in version `bold'
(Font)                  OT1/cmss/bx/n --> OT1/lmss/bx/n on input line 36.
LaTeX Font Info:    Overwriting math alphabet `\mathit' in version `bold'
(Font)                  OT1/cmr/bx/it --> OT1/lmr/bx/it on input line 37.
LaTeX Font Info:    Overwriting math alphabet `\mathtt' in version `bold'
(Font)                  OT1/cmtt/m/n --> OT1/lmtt/m/n on input line 38.
)

Package fontspec Info: texgyrepagella-regular scale = 0.9189752914750241.


Package fontspec Info: texgyrepagella-regular scale = 0.9189752914750241.


Package fontspec Info: texgyrepagella-regular scale = 0.9189752914750241.


Package fontspec Info: texgyrepagella-bold scale = 0.9189752914750241.


Package fontspec Info: texgyrepagella-bold scale = 0.9189752914750241.


Package fontspec Info: texgyrepagella-italic scale = 0.8162859193885522.


Package fontspec Info: texgyrepagella-italic scale = 0.8162859193885522.


Package fontspec Info: texgyrepagella-bolditalic scale = 0.8450955908269965.


Package fontspec Info: texgyrepagella-bolditalic scale = 0.8450955908269965.


Package fontspec Info: Font family 'texgyrepagella-regular.otf(0)' created for
(fontspec)             font 'texgyrepagella-regular.otf' with options
(fontspec)             [Scale=MatchLowercase,Ligatures=TeX,Scale=1,BoldFont=tex
gyrepagella-bold.otf,ItalicFont=texgyrepagella-italic.otf,BoldItalicFont=texgyr
epagella-bolditalic.otf].
(fontspec)              
(fontspec)              This font family consists of the following NFSS
(fontspec)             series/shapes:
(fontspec)              
(fontspec)             - 'normal' (m/n) with NFSS spec.:
(fontspec)             <->s*[1]"[texgyrepagella-regular.otf]/OT:script=latn;lan
guage=dflt;mapping=tex-text;"
(fontspec)             - 'small caps'  (m/sc) with NFSS spec.:
(fontspec)             <->s*[1]"[texgyrepagella-regular.otf]/OT:script=latn;lan
guage=dflt;+smcp;mapping=tex-text;"
(fontspec)             - 'bold' (b/n) with NFSS spec.:
(fontspec)             <->s*[1]"[texgyrepagella-bold.otf]/OT:script=latn;langua
ge=dflt;mapping=tex-text;"
(fontspec)             - 'bold small caps'  (b/sc) with NFSS spec.:
(fontspec)             <->s*[1]"[texgyrepagella-bold.otf]/OT:script=latn;langua
ge=dflt;+smcp;mapping=tex-text;"
(fontspec)             - 'italic' (m/it) with NFSS spec.:
(fontspec)             <->s*[1]"[texgyrepagella-italic.otf]/OT:script=latn;lang
uage=dflt;mapping=tex-text;"
(fontspec)             - 'italic small caps'  (m/scit) with NFSS spec.:
(fontspec)             <->s*[1]"[texgyrepagella-italic.otf]/OT:script=latn;lang
uage=dflt;+smcp;mapping=tex-text;"
(fontspec)             - 'bold italic' (b/it) with NFSS spec.:
(fontspec)             <->s*[1]"[texgyrepagella-bolditalic.otf]/OT:script=latn;
language=dflt;mapping=tex-text;"
(fontspec)             - 'bold italic small caps'  (b/scit) with NFSS spec.:
(fontspec)             <->s*[1]"[texgyrepagella-bolditalic.otf]/OT:script=latn;
language=dflt;+smcp;mapping=tex-text;"

LaTeX Font Info:    Font shape `TU/texgyrepagella-regular.otf(0)/m/n' will be
(Font)              scaled to size 10.95pt on input line 27.

Package fontspec Info: texgyrepagella-regular scale = 0.9999970287969005.


Package fontspec Info: texgyrepagella-regular scale = 0.9999970287969005.


Package fontspec Info: texgyrepagella-regular scale = 0.9999970287969005.


Package fontspec Info: texgyrepagella-bold scale = 0.9999970287969005.


Package fontspec Info: texgyrepagella-bold scale = 0.9999970287969005.


Package fontspec Info: texgyrepagella-italic scale = 0.888254016848595.


Package fontspec Info: texgyrepagella-italic scale = 0.888254016848595.


Package fontspec Info: texgyrepagella-bolditalic scale = 0.9196037017708279.


Package fontspec Info: texgyrepagella-bolditalic scale = 0.9196037017708279.


Package fontspec Info: Font family 'texgyrepagella-regular.otf(1)' created for
(fontspec)             font 'texgyrepagella-regular.otf' with options
(fontspec)             [Scale=MatchLowercase,BoldFont=texgyrepagella-bold.otf,I
talicFont=texgyrepagella-italic.otf,BoldItalicFont=texgyrepagella-bolditalic.ot
f].
(fontspec)              
(fontspec)              This font family consists of the following NFSS
(fontspec)             series/shapes:
(fontspec)              
(fontspec)             - 'normal' (m/n) with NFSS spec.:
(fontspec)             <->s*[0.9999970287969005]"[texgyrepagella-regular.otf]/O
T:script=latn;language=dflt;"
(fontspec)             - 'small caps'  (m/sc) with NFSS spec.:
(fontspec)             <->s*[0.9999970287969005]"[texgyrepagella-regular.otf]/O
T:script=latn;language=dflt;+smcp;"
(fontspec)             - 'bold' (b/n) with NFSS spec.:
(fontspec)             <->s*[0.9999970287969005]"[texgyrepagella-bold.otf]/OT:s
cript=latn;language=dflt;"
(fontspec)             - 'bold small caps'  (b/sc) with NFSS spec.:
(fontspec)             <->s*[0.9999970287969005]"[texgyrepagella-bold.otf]/OT:s
cript=latn;language=dflt;+smcp;"
(fontspec)             - 'italic' (m/it) with NFSS spec.:
(fontspec)             <->s*[0.888254016848595]"[texgyrepagella-italic.otf]/OT:
script=latn;language=dflt;"
(fontspec)             - 'italic small caps'  (m/scit) with NFSS spec.:
(fontspec)             <->s*[0.888254016848595]"[texgyrepagella-italic.otf]/OT:
script=latn;language=dflt;+smcp;"
(fontspec)             - 'bold italic' (b/it) with NFSS spec.:
(fontspec)             <->s*[0.9196037017708279]"[texgyrepagella-bolditalic.otf
]/OT:script=latn;language=dflt;"
(fontspec)             - 'bold italic small caps'  (b/scit) with NFSS spec.:
(fontspec)             <->s*[0.9196037017708279]"[texgyrepagella-bolditalic.otf
]/OT:script=latn;language=dflt;+smcp;"

LaTeX Font Info:    Overwriting math alphabet `\mathrm' in version `normal'
(Font)                  OT1/lmr/m/n --> TU/texgyrepagella-regular.otf(1)/m/n on
 input line 27.
LaTeX Font Info:    Overwriting math alphabet `\mathit' in version `normal'
(Font)                  OT1/lmr/m/it --> TU/texgyrepagella-regular.otf(1)/m/it 
on input line 27.
LaTeX Font Info:    Overwriting math alphabet `\mathbf' in version `normal'
(Font)                  OT1/lmr/bx/n --> TU/texgyrepagella-regular.otf(1)/b/n o
n input line 27.

Package fontspec Info: lmmono10-regular scale = 1.088161787290451.


Package fontspec Info: lmmono10-regular scale = 1.088161787290451.


Package fontspec Info: lmmonolt10-bold scale = 1.088161787290451.


Package fontspec Info: Font family 'lmmono10-regular.otf(0)' created for font
(fontspec)             'lmmono10-regular.otf' with options
(fontspec)             [Scale=MatchLowercase,WordSpace={1,0,0},HyphenChar=None,
PunctuationSpace=WordSpace,BoldFont=lmmonolt10-bold.otf].
(fontspec)              
(fontspec)              This font family consists of the following NFSS
(fontspec)             series/shapes:
(fontspec)              
(fontspec)             - 'normal' (m/n) with NFSS spec.:
(fontspec)             <->s*[1.088161787290451]"[lmmono10-regular.otf]/OT:scrip
t=latn;language=dflt;"
(fontspec)             - 'small caps'  (m/sc) with NFSS spec.: 
(fontspec)             and font adjustment code:
(fontspec)             \fontdimen 2\font =1\fontdimen 2\font \fontdimen 3\font
(fontspec)             =0\fontdimen 3\font \fontdimen 4\font =0\fontdimen
(fontspec)             4\font \fontdimen 7\font =0\fontdimen 2\font
(fontspec)             \tex_hyphenchar:D \font =-1\scan_stop: 
(fontspec)             - 'bold' (b/n) with NFSS spec.:
(fontspec)             <->s*[1.088161787290451]"[lmmonolt10-bold.otf]/OT:script
=latn;language=dflt;"
(fontspec)             - 'bold small caps'  (b/sc) with NFSS spec.: 
(fontspec)             and font adjustment code:
(fontspec)             \fontdimen 2\font =1\fontdimen 2\font \fontdimen 3\font
(fontspec)             =0\fontdimen 3\font \fontdimen 4\font =0\fontdimen
(fontspec)             4\font \fontdimen 7\font =0\fontdimen 2\font
(fontspec)             \tex_hyphenchar:D \font =-1\scan_stop: 


Package fontspec Info: lmmono10-regular scale = 1.088161787290451.


Package fontspec Info: lmmono10-regular scale = 1.088161787290451.


Package fontspec Info: lmmonolt10-bold scale = 1.088161787290451.


Package fontspec Info: Font family 'lmmono10-regular.otf(1)' created for font
(fontspec)             'lmmono10-regular.otf' with options
(fontspec)             [Scale=MatchLowercase,BoldFont=lmmonolt10-bold.otf].
(fontspec)              
(fontspec)              This font family consists of the following NFSS
(fontspec)             series/shapes:
(fontspec)              
(fontspec)             - 'normal' (m/n) with NFSS spec.:
(fontspec)             <->s*[1.088161787290451]"[lmmono10-regular.otf]/OT:scrip
t=latn;language=dflt;"
(fontspec)             - 'small caps'  (m/sc) with NFSS spec.: 
(fontspec)             - 'bold' (b/n) with NFSS spec.:
(fontspec)             <->s*[1.088161787290451]"[lmmonolt10-bold.otf]/OT:script
=latn;language=dflt;"
(fontspec)             - 'bold small caps'  (b/sc) with NFSS spec.: 

LaTeX Font Info:    Overwriting math alphabet `\mathtt' in version `normal'
(Font)                  OT1/lmtt/m/n --> TU/lmmono10-regular.otf(1)/m/n on inpu
t line 28.
LaTeX Font Info:    Overwriting math alphabet `\mathtt' in version `bold'
(Font)                  OT1/lmtt/m/n --> TU/lmmono10-regular.otf(1)/b/n on inpu
t line 28.

Package fontspec Info: texgyrepagella-math scale = 0.9999970287969005.


Package fontspec Info: texgyrepagella-math scale = 0.9999970287969005.


Package fontspec Info: Font family 'texgyrepagella-math.otf(0)' created for
(fontspec)             font 'texgyrepagella-math.otf' with options
(fontspec)             [Scale=MatchLowercase,BoldItalicFont={},ItalicFont={},Sm
allCapsFont={},Script=Math].
(fontspec)              
(fontspec)              This font family consists of the following NFSS
(fontspec)             series/shapes:
(fontspec)              
(fontspec)             - 'normal' (m/n) with NFSS spec.:
(fontspec)             <->s*[0.9999970287969005]"[texgyrepagella-math.otf]/OT:s
cript=math;language=dflt;"
(fontspec)             - 'small caps'  (m/sc) with NFSS spec.: 

LaTeX Font Info:    Font shape `TU/texgyrepagella-math.otf(0)/m/n' will be
(Font)              scaled to size 10.95pt on input line 29.

Package fontspec Info: texgyrepagella-math scale = 0.9999970287969005.


Package fontspec Info: texgyrepagella-math scale = 0.9999970287969005.


Package fontspec Info: texgyrepagella-math scale = 0.9999970287969005.


Package fontspec Info: texgyrepagella-math scale = 0.9999970287969005.


Package fontspec Info: Font family 'texgyrepagella-math.otf(1)' created for
(fontspec)             font 'texgyrepagella-math.otf' with options
(fontspec)             [Scale=MatchLowercase,BoldItalicFont={},ItalicFont={},Sm
allCapsFont={},Script=Math,SizeFeatures={{Size=9.5265-},{Size=7.06275-9.5265,Fo
nt=texgyrepagella-math.otf,Style=MathScript},{Size=-7.06275,Font=texgyrepagella
-math.otf,Style=MathScriptScript}}].
(fontspec)              
(fontspec)              This font family consists of the following NFSS
(fontspec)             series/shapes:
(fontspec)              
(fontspec)             - 'normal' (m/n) with NFSS spec.:
(fontspec)             <9.5265->s*[0.9999970287969005]"[texgyrepagella-math.otf
]/OT:script=math;language=dflt;"<7.06275-9.5265>s*[0.9999970287969005]"[texgyre
pagella-math.otf]/OT:script=math;language=dflt;+ssty=0;"<-7.06275>s*[0.99999702
87969005]"[texgyrepagella-math.otf]/OT:script=math;language=dflt;+ssty=1;"
(fontspec)             - 'small caps'  (m/sc) with NFSS spec.: 

LaTeX Font Info:    Font shape `TU/texgyrepagella-math.otf(1)/m/n' will be
(Font)              scaled to size 10.95pt on input line 29.
LaTeX Font Info:    Encoding `OT1' has changed to `TU' for symbol font
(Font)              `operators' in the math version `normal' on input line 29.
LaTeX Font Info:    Overwriting symbol font `operators' in version `normal'
(Font)                  OT1/lmr/m/n --> TU/texgyrepagella-math.otf(1)/m/n on in
put line 29.
LaTeX Font Info:    Encoding `OT1' has changed to `TU' for symbol font
(Font)              `operators' in the math version `bold' on input line 29.
LaTeX Font Info:    Overwriting symbol font `operators' in version `bold'
(Font)                  OT1/lmr/bx/n --> TU/texgyrepagella-math.otf(1)/b/n on i
nput line 29.

Package fontspec Info: texgyrepagella-math scale = 0.9999970287969005.


Package fontspec Info: texgyrepagella-math scale = 1.00009702849978.


Package fontspec Info: texgyrepagella-math scale = 0.9999970287969005.


Package fontspec Info: texgyrepagella-math scale = 1.00009702849978.


Package fontspec Info: texgyrepagella-math scale = 0.9999970287969005.


Package fontspec Info: texgyrepagella-math scale = 1.00009702849978.


Package fontspec Info: texgyrepagella-math scale = 0.9999970287969005.


Package fontspec Info: texgyrepagella-math scale = 1.00009702849978.


Package fontspec Info: Font family 'texgyrepagella-math.otf(2)' created for
(fontspec)             font 'texgyrepagella-math.otf' with options
(fontspec)             [Scale=MatchLowercase,BoldItalicFont={},ItalicFont={},Sm
allCapsFont={},Script=Math,SizeFeatures={{Size=9.5265-},{Size=7.06275-9.5265,Fo
nt=texgyrepagella-math.otf,Style=MathScript},{Size=-7.06275,Font=texgyrepagella
-math.otf,Style=MathScriptScript}},ScaleAgain=1.0001,FontAdjustment={\fontdimen

(fontspec)             8\font =7.884pt\relax \fontdimen 9\font
(fontspec)             =5.13554pt\relax \fontdimen 10\font =5.13554pt\relax
(fontspec)             \fontdimen 11\font =7.2927pt\relax \fontdimen 12\font
(fontspec)             =3.40546pt\relax \fontdimen 13\font =3.8763pt\relax
(fontspec)             \fontdimen 14\font =3.8763pt\relax \fontdimen 15\font
(fontspec)             =3.2412pt\relax \fontdimen 16\font =2.5404pt\relax
(fontspec)             \fontdimen 17\font =2.5404pt\relax \fontdimen 18\font
(fontspec)             =2.5404pt\relax \fontdimen 19\font =1.2702pt\relax
(fontspec)             \fontdimen 22\font =2.7375pt\relax \fontdimen 20\font
(fontspec)             =0pt\relax \fontdimen 21\font =0pt\relax }].
(fontspec)              
(fontspec)              This font family consists of the following NFSS
(fontspec)             series/shapes:
(fontspec)              
(fontspec)             - 'normal' (m/n) with NFSS spec.:
(fontspec)             <9.5265->s*[1.00009702849978]"[texgyrepagella-math.otf]/
OT:script=math;language=dflt;"<7.06275-9.5265>s*[1.00009702849978]"[texgyrepage
lla-math.otf]/OT:script=math;language=dflt;+ssty=0;"<-7.06275>s*[1.000097028499
78]"[texgyrepagella-math.otf]/OT:script=math;language=dflt;+ssty=1;"
(fontspec)             - 'small caps'  (m/sc) with NFSS spec.: 
(fontspec)             and font adjustment code:
(fontspec)             \fontdimen 8\font =7.884pt\relax \fontdimen 9\font
(fontspec)             =5.13554pt\relax \fontdimen 10\font =5.13554pt\relax
(fontspec)             \fontdimen 11\font =7.2927pt\relax \fontdimen 12\font
(fontspec)             =3.40546pt\relax \fontdimen 13\font =3.8763pt\relax
(fontspec)             \fontdimen 14\font =3.8763pt\relax \fontdimen 15\font
(fontspec)             =3.2412pt\relax \fontdimen 16\font =2.5404pt\relax
(fontspec)             \fontdimen 17\font =2.5404pt\relax \fontdimen 18\font
(fontspec)             =2.5404pt\relax \fontdimen 19\font =1.2702pt\relax
(fontspec)             \fontdimen 22\font =2.7375pt\relax \fontdimen 20\font
(fontspec)             =0pt\relax \fontdimen 21\font =0pt\relax 

LaTeX Font Info:    Encoding `OMS' has changed to `TU' for symbol font
(Font)              `symbols' in the math version `normal' on input line 29.
LaTeX Font Info:    Overwriting symbol font `symbols' in version `normal'
(Font)                  OMS/lmsy/m/n --> TU/texgyrepagella-math.otf(2)/m/n on i
nput line 29.
LaTeX Font Info:    Encoding `OMS' has changed to `TU' for symbol font
(Font)              `symbols' in the math version `bold' on input line 29.
LaTeX Font Info:    Overwriting symbol font `symbols' in version `bold'
(Font)                  OMS/lmsy/b/n --> TU/texgyrepagella-math.otf(2)/b/n on i
nput line 29.

Package fontspec Info: texgyrepagella-math scale = 0.9999970287969005.


Package fontspec Info: texgyrepagella-math scale = 0.9998970290940208.


Package fontspec Info: texgyrepagella-math scale = 0.9999970287969005.


Package fontspec Info: texgyrepagella-math scale = 0.9998970290940208.


Package fontspec Info: texgyrepagella-math scale = 0.9999970287969005.


Package fontspec Info: texgyrepagella-math scale = 0.9998970290940208.


Package fontspec Info: texgyrepagella-math scale = 0.9999970287969005.


Package fontspec Info: texgyrepagella-math scale = 0.9998970290940208.


Package fontspec Info: Font family 'texgyrepagella-math.otf(3)' created for
(fontspec)             font 'texgyrepagella-math.otf' with options
(fontspec)             [Scale=MatchLowercase,BoldItalicFont={},ItalicFont={},Sm
allCapsFont={},Script=Math,SizeFeatures={{Size=9.5265-},{Size=7.06275-9.5265,Fo
nt=texgyrepagella-math.otf,Style=MathScript},{Size=-7.06275,Font=texgyrepagella
-math.otf,Style=MathScriptScript}},ScaleAgain=0.9999,FontAdjustment={\fontdimen

(fontspec)             8\font =0.657pt\relax \fontdimen 9\font =1.314pt\relax
(fontspec)             \fontdimen 10\font =1.314pt\relax \fontdimen 11\font
(fontspec)             =1.314pt\relax \fontdimen 12\font =5.1246pt\relax
(fontspec)             \fontdimen 13\font =0pt\relax }].
(fontspec)              
(fontspec)              This font family consists of the following NFSS
(fontspec)             series/shapes:
(fontspec)              
(fontspec)             - 'normal' (m/n) with NFSS spec.:
(fontspec)             <9.5265->s*[0.9998970290940208]"[texgyrepagella-math.otf
]/OT:script=math;language=dflt;"<7.06275-9.5265>s*[0.9998970290940208]"[texgyre
pagella-math.otf]/OT:script=math;language=dflt;+ssty=0;"<-7.06275>s*[0.99989702
90940208]"[texgyrepagella-math.otf]/OT:script=math;language=dflt;+ssty=1;"
(fontspec)             - 'small caps'  (m/sc) with NFSS spec.: 
(fontspec)             and font adjustment code:
(fontspec)             \fontdimen 8\font =0.657pt\relax \fontdimen 9\font
(fontspec)             =1.314pt\relax \fontdimen 10\font =1.314pt\relax
(fontspec)             \fontdimen 11\font =1.314pt\relax \fontdimen 12\font
(fontspec)             =5.1246pt\relax \fontdimen 13\font =0pt\relax 

LaTeX Font Info:    Encoding `OMX' has changed to `TU' for symbol font
(Font)              `largesymbols' in the math version `normal' on input line 2
9.
LaTeX Font Info:    Overwriting symbol font `largesymbols' in version `normal'
(Font)                  OMX/lmex/m/n --> TU/texgyrepagella-math.otf(3)/m/n on i
nput line 29.
LaTeX Font Info:    Encoding `OMX' has changed to `TU' for symbol font
(Font)              `largesymbols' in the math version `bold' on input line 29.

LaTeX Font Info:    Overwriting symbol font `largesymbols' in version `bold'
(Font)                  OMX/lmex/m/n --> TU/texgyrepagella-math.otf(3)/b/n on i
nput line 29.
 (upquote.sty
Package: upquote 2012/04/19 v1.3 upright-quote and grave-accent glyphs in verba
tim
 (textcomp.sty
Package: textcomp 2020/02/02 v2.0n Standard LaTeX package
))
(microtype.sty
Package: microtype 2022/03/14 v3.0d Micro-typographical refinements (RS)
 (etoolbox.sty
Package: etoolbox 2020/10/05 v2.5k e-TeX tools for LaTeX (JAW)
\etb@tempcnta=\count291
)
\MT@toks=\toks23
\MT@tempbox=\box53
\MT@count=\count292
LaTeX Info: Redefining \noprotrusionifhmode on input line 1027.
LaTeX Info: Redefining \leftprotrusion on input line 1028.
LaTeX Info: Redefining \rightprotrusion on input line 1036.
LaTeX Info: Redefining \textls on input line 1195.
\MT@outer@kern=\dimen159
LaTeX Info: Redefining \textmicrotypecontext on input line 1781.
\MT@listname@count=\count293
 (microtype-xetex.def
File: microtype-xetex.def 2022/03/14 v3.0d Definitions specific to xetex (RS)
LaTeX Info: Redefining \lsstyle on input line 236.
)
Package microtype Info: Loading configuration file microtype.cfg.
 (microtype.cfg
File: microtype.cfg 2022/03/14 v3.0d microtype main configuration file (RS)
))
(parskip.sty
Package: parskip 2021-03-14 v2.0h non-zero parskip adjustments
 (kvoptions.sty
Package: kvoptions 2020-10-07 v3.14 Key value format for package options (HO)
 (ltxcmds.sty
Package: ltxcmds 2020-05-10 v1.25 LaTeX kernel commands for general use (HO)
) (kvsetkeys.sty
Package: kvsetkeys 2019/12/15 v1.18 Key value parser (HO)
))) (longtable.sty
Package: longtable 2021-09-01 v4.17 Multi-page Table package (DPC)
\LTleft=\skip52
\LTright=\skip53
\LTpre=\skip54
\LTpost=\skip55
\LTchunksize=\count294
\LTcapwidth=\dimen160
\LT@head=\box54
\LT@firsthead=\box55
\LT@foot=\box56
\LT@lastfoot=\box57
\LT@gbox=\box58
\LT@cols=\count295
\LT@rows=\count296
\c@LT@tables=\count297
\c@LT@chunks=\count298
\LT@p@ftn=\toks24
)
(booktabs.sty
Package: booktabs 2020/01/12 v1.61803398 Publication quality tables
\heavyrulewidth=\dimen161
\lightrulewidth=\dimen162
\cmidrulewidth=\dimen163
\belowrulesep=\dimen164
\belowbottomsep=\dimen165
\aboverulesep=\dimen166
\abovetopsep=\dimen167
\cmidrulesep=\dimen168
\cmidrulekern=\dimen169
\defaultaddspace=\dimen170
\@cmidla=\count299
\@cmidlb=\count300
\@aboverulesep=\dimen171
\@belowrulesep=\dimen172
\@thisruleclass=\count301
\@lastruleclass=\count302
\@thisrulewidth=\dimen173
) (array.sty
Package: array 2021/10/04 v2.5f Tabular extension package (FMi)
\col@sep=\dimen174
\ar@mcellbox=\box59
\extrarowheight=\dimen175
\NC@list=\toks25
\extratabsurround=\skip56
\backup@length=\skip57
\ar@cellbox=\box60
) (caption.sty
Package: caption 2022/03/01 v3.6b Customizing captions (AR)
 (caption3.sty
Package: caption3 2022/03/17 v2.3b caption3 kernel (AR)
\caption@tempdima=\dimen176
\captionmargin=\dimen177
\caption@leftmargin=\dimen178
\caption@rightmargin=\dimen179
\caption@width=\dimen180
\caption@indent=\dimen181
\caption@parindent=\dimen182
\caption@hangindent=\dimen183
Package caption Info: Standard document class detected.
)
\c@caption@flags=\count303
\c@continuedfloat=\count304
Package caption Info: longtable package is loaded.
 (ltcaption.sty
Package: ltcaption 2021/01/08 v1.4c longtable captions (AR)
))
\c@none=\count305

(calc.sty
Package: calc 2017/05/25 v4.3 Infix arithmetic (KKT,FJ)
\calc@Acount=\count306
\calc@Bcount=\count307
\calc@Adimen=\dimen184
\calc@Bdimen=\dimen185
\calc@Askip=\skip58
\calc@Bskip=\skip59
LaTeX Info: Redefining \setlength on input line 80.
LaTeX Info: Redefining \addtolength on input line 81.
\calc@Ccount=\count308
\calc@Cskip=\skip60
) (footnotehyper.sty
Package: footnotehyper 2021/08/13 v1.1e hyperref aware footnote.sty (JFB)
\FNH@notes=\box61
\FNH@width=\dimen186
\FNH@toks=\toks26
) (graphicx.sty
Package: graphicx 2021/09/16 v1.2d Enhanced LaTeX Graphics (DPC,SPQR)
 (graphics.sty
Package: graphics 2021/03/04 v1.4d Standard LaTeX Graphics (DPC,SPQR)
 (trig.sty
Package: trig 2021/08/11 v1.11 sin cos tan (DPC)
)
(graphics.cfg
File: graphics.cfg 2016/06/04 v1.11 sample graphics configuration
)
Package graphics Info: Driver file: xetex.def on input line 107.
)
\Gin@req@height=\dimen187
\Gin@req@width=\dimen188
)
\pandoc@box=\box62
 (mathtools.sty
Package: mathtools 2022/02/07 v1.28a mathematical typesetting tools
 (mhsetup.sty
Package: mhsetup 2021/03/18 v1.4 programming setup (MH)
)
\g_MT_multlinerow_int=\count309
\l_MT_multwidth_dim=\dimen189
\origjot=\skip61
\l_MT_shortvdotswithinadjustabove_dim=\dimen190
\l_MT_shortvdotswithinadjustbelow_dim=\dimen191
\l_MT_above_intertext_sep=\dimen192
\l_MT_below_intertext_sep=\dimen193
\l_MT_above_shortintertext_sep=\dimen194
\l_MT_below_shortintertext_sep=\dimen195
\xmathstrut@box=\box63
\xmathstrut@dim=\dimen196
) (needspace.sty
Package: needspace 2010/09/12 v1.3d reserve vertical space
) (xurl.sty
Package: xurl 2022/01/09 v 0.10 modify URL breaks

(url.sty
\Urlmuskip=\muskip18
Package: url 2013/09/16  ver 3.4  Verb mode for urls, etc.
)) (fancyhdr.sty
Package: fancyhdr 2021/01/28 v4.0.1 Extensive control of page headers and foote
rs
\f@nch@headwidth=\skip62
\f@nch@O@elh=\skip63
\f@nch@O@erh=\skip64
\f@nch@O@olh=\skip65
\f@nch@O@orh=\skip66
\f@nch@O@elf=\skip67
\f@nch@O@erf=\skip68
\f@nch@O@olf=\skip69
\f@nch@O@orf=\skip70
) (titlesec.sty
Package: titlesec 2021/07/05 v2.14 Sectioning titles
\ttl@box=\box64
\beforetitleunit=\skip71
\aftertitleunit=\skip72
\ttl@plus=\dimen197
\ttl@minus=\dimen198
\ttl@toksa=\toks27
\titlewidth=\dimen199
\titlewidthlast=\dimen256
\titlewidthfirst=\dimen257
)
\papereqbox=\box65
 (bookmark.sty
Package: bookmark 2020-11-06 v1.29 PDF bookmarks (HO)
 (hyperref.sty
Package: hyperref 2022-02-21 v7.00n Hypertext links for LaTeX

(pdftexcmds.sty
Package: pdftexcmds 2020-06-27 v0.33 Utility functions of pdfTeX for LuaTeX (HO
)
 (infwarerr.sty
Package: infwarerr 2019/12/03 v1.5 Providing info/warning/error messages (HO)
)
Package pdftexcmds Info: \pdf@primitive is available.
Package pdftexcmds Info: \pdf@ifprimitive is available.
Package pdftexcmds Info: \pdfdraftmode not found.
) (kvdefinekeys.sty
Package: kvdefinekeys 2019-12-19 v1.6 Define keys (HO)
) (pdfescape.sty
Package: pdfescape 2019/12/09 v1.15 Implements pdfTeX's escape features (HO)
)
(hycolor.sty
Package: hycolor 2020-01-27 v1.10 Color options for hyperref/bookmark (HO)
) (letltxmacro.sty
Package: letltxmacro 2019/12/03 v1.6 Let assignment for LaTeX macros (HO)
) (auxhook.sty
Package: auxhook 2019-12-17 v1.6 Hooks for auxiliary files (HO)
)
\@linkdim=\dimen258
\Hy@linkcounter=\count310
\Hy@pagecounter=\count311
 (pd1enc.def
File: pd1enc.def 2022-02-21 v7.00n Hyperref: PDFDocEncoding definition (HO)
) (intcalc.sty
Package: intcalc 2019/12/15 v1.3 Expandable calculations with integers (HO)
)
(etexcmds.sty
Package: etexcmds 2019/12/15 v1.7 Avoid name clashes with e-TeX commands (HO)
)
\Hy@SavedSpaceFactor=\count312
 (puenc.def
File: puenc.def 2022-02-21 v7.00n Hyperref: PDF Unicode definition (HO)
)
Package hyperref Info: Option `unicode' set `true' on input line 4018.
Package hyperref Info: Hyper figures OFF on input line 4137.
Package hyperref Info: Link nesting OFF on input line 4142.
Package hyperref Info: Hyper index ON on input line 4145.
Package hyperref Info: Plain pages OFF on input line 4152.
Package hyperref Info: Backreferencing OFF on input line 4157.
Package hyperref Info: Implicit mode ON; LaTeX internals redefined.
Package hyperref Info: Bookmarks ON on input line 4390.
\c@Hy@tempcnt=\count313
LaTeX Info: Redefining \url on input line 4749.
\XeTeXLinkMargin=\dimen259
 (bitset.sty
Package: bitset 2019/12/09 v1.3 Handle bit-vector datatype (HO)
 (bigintcalc.sty
Package: bigintcalc 2019/12/15 v1.5 Expandable calculations on big integers (HO
)
))
\Fld@menulength=\count314
\Field@Width=\dimen260
\Fld@charsize=\dimen261
Package hyperref Info: Hyper figures OFF on input line 6027.
Package hyperref Info: Link nesting OFF on input line 6032.
Package hyperref Info: Hyper index ON on input line 6035.
Package hyperref Info: backreferencing OFF on input line 6042.
Package hyperref Info: Link coloring OFF on input line 6047.
Package hyperref Info: Link coloring with OCG OFF on input line 6052.
Package hyperref Info: PDF/A mode OFF on input line 6057.
LaTeX Info: Redefining \ref on input line 6097.
LaTeX Info: Redefining \pageref on input line 6101.
 (atbegshi-ltx.sty
Package: atbegshi-ltx 2021/01/10 v1.0c Emulation of the original atbegshi
package with kernel methods
)
\Hy@abspage=\count315
\c@Item=\count316
\c@Hfootnote=\count317
)
Package hyperref Info: Driver (autodetected): hxetex.

(hxetex.def
File: hxetex.def 2022-02-21 v7.00n Hyperref driver for XeTeX
 (stringenc.sty
Package: stringenc 2019/11/29 v1.12 Convert strings between diff. encodings (HO
)
)
\pdfm@box=\box66
\c@Hy@AnnotLevel=\count318
\HyField@AnnotCount=\count319
\Fld@listcount=\count320
\c@bookmark@seq@number=\count321
 (rerunfilecheck.sty
Package: rerunfilecheck 2019/12/05 v1.9 Rerun checks for auxiliary files (HO)
 (atveryend-ltx.sty
Package: atveryend-ltx 2020/08/19 v1.0a Emulation of the original atveryend pac
kage
with kernel methods
)
(uniquecounter.sty
Package: uniquecounter 2019/12/15 v1.4 Provide unlimited unique counter (HO)
)
Package uniquecounter Info: New unique counter `rerunfilecheck' on input line 2
86.
)
\Hy@SectionHShift=\skip73
) (bkm-dvipdfm.def
File: bkm-dvipdfm.def 2020-11-06 v1.29 bookmark driver for dvipdfm (HO)
\BKM@id=\count322
))
Package hyperref Info: Option `colorlinks' set `true' on input line 126.
 (paper_D_v0.1.1.aux)
\openout1 = `paper_D_v0.1.1.aux'.

LaTeX Font Info:    Checking defaults for OML/cmm/m/it on input line 132.
LaTeX Font Info:    ... okay on input line 132.
LaTeX Font Info:    Checking defaults for OMS/cmsy/m/n on input line 132.
LaTeX Font Info:    ... okay on input line 132.
LaTeX Font Info:    Checking defaults for OT1/cmr/m/n on input line 132.
LaTeX Font Info:    ... okay on input line 132.
LaTeX Font Info:    Checking defaults for T1/cmr/m/n on input line 132.
LaTeX Font Info:    ... okay on input line 132.
LaTeX Font Info:    Checking defaults for TS1/cmr/m/n on input line 132.
LaTeX Font Info:    ... okay on input line 132.
LaTeX Font Info:    Checking defaults for TU/lmr/m/n on input line 132.
LaTeX Font Info:    ... okay on input line 132.
LaTeX Font Info:    Checking defaults for OMX/cmex/m/n on input line 132.
LaTeX Font Info:    ... okay on input line 132.
LaTeX Font Info:    Checking defaults for U/cmr/m/n on input line 132.
LaTeX Font Info:    ... okay on input line 132.
LaTeX Font Info:    Checking defaults for PD1/pdf/m/n on input line 132.
LaTeX Font Info:    ... okay on input line 132.
LaTeX Font Info:    Checking defaults for PU/pdf/m/n on input line 132.
LaTeX Font Info:    ... okay on input line 132.

*geometry* driver: auto-detecting
*geometry* detected driver: xetex
*geometry* verbose mode - [ preamble ] result:
* driver: xetex
* paper: a4paper
* layout: <same size as paper>
* layoutoffset:(h,v)=(0.0pt,0.0pt)
* modes: 
* h-part:(L,W,R)=(68.2866pt, 460.93466pt, 68.2866pt)
* v-part:(T,H,B)=(68.2866pt, 708.47363pt, 68.2866pt)
* \paperwidth=597.50787pt
* \paperheight=845.04684pt
* \textwidth=460.93466pt
* \textheight=708.47363pt
* \oddsidemargin=-3.98338pt
* \evensidemargin=-3.98338pt
* \topmargin=-40.98338pt
* \headheight=12.0pt
* \headsep=25.0pt
* \topskip=11.0pt
* \footskip=30.0pt
* \marginparwidth=50.0pt
* \marginparsep=10.0pt
* \columnsep=10.0pt
* \skip\footins=10.0pt plus 4.0pt minus 2.0pt
* \hoffset=0.0pt
* \voffset=0.0pt
* \mag=1000
* \@twocolumnfalse
* \@twosidefalse
* \@mparswitchfalse
* \@reversemarginfalse
* (1in=72.27pt=25.4mm, 1cm=28.453pt)

LaTeX Font Info:    Overwriting math alphabet `\mathsf' in version `normal'
(Font)                  OT1/lmss/m/n --> TU/lmss/m/n on input line 132.
LaTeX Font Info:    Overwriting math alphabet `\mathsf' in version `bold'
(Font)                  OT1/lmss/bx/n --> TU/lmss/b/n on input line 132.

Package unicode-math Warning: Using \overbracket and \underbracket from
(unicode-math)                `mathtools' package.
(unicode-math)                 
(unicode-math)                 Use \Uoverbracket and \Uunderbracket for
(unicode-math)                original `unicode-math' definition.


Package unicode-math Warning: I'm going to overwrite the following commands
(unicode-math)                from the `mathtools' package: 
(unicode-math)                 
(unicode-math)                     \dblcolon, \coloneqq, \Coloneqq, \eqqcolon.
(unicode-math)                
(unicode-math)                 
(unicode-math)                 Note that since I won't overwrite the other
(unicode-math)                colon-like commands, using them will lead to
(unicode-math)                inconsistencies.

LaTeX Info: Redefining \microtypecontext on input line 132.
Package microtype Info: Applying patch `item' on input line 132.
Package microtype Info: Applying patch `toc' on input line 132.
Package microtype Info: Applying patch `eqnum' on input line 132.
Package microtype Info: Applying patch `footnote' on input line 132.
Package microtype Info: Character protrusion enabled (level 2).
Package microtype Info: Using protrusion set `basicmath'.
Package microtype Info: No adjustment of tracking.
Package microtype Info: No adjustment of spacing.
Package microtype Info: No adjustment of kerning.
Package microtype Info: Loading generic protrusion settings for font family
(microtype)             `texgyrepagella-regular.otf' (encoding: TU).
(microtype)             For optimal results, create family-specific settings.
(microtype)             See the microtype manual for details.
Package caption Info: Begin \AtBeginDocument code.
Package caption Info: hyperref package is loaded.
Package caption Info: End \AtBeginDocument code.
Package hyperref Info: Link coloring ON on input line 132.
(nameref.sty
Package: nameref 2021-04-02 v2.47 Cross-referencing by name of section
 (refcount.sty
Package: refcount 2019/12/15 v3.6 Data extraction from label references (HO)
) (gettitlestring.sty
Package: gettitlestring 2019/12/15 v1.6 Cleanup title references (HO)
)
\c@section@level=\count323
)
LaTeX Info: Redefining \ref on input line 132.
LaTeX Info: Redefining \pageref on input line 132.
LaTeX Info: Redefining \nameref on input line 132.
LaTeX Font Info:    Font shape `TU/texgyrepagella-regular.otf(0)/m/n' will be
(Font)              scaled to size 17.28pt on input line 134.
LaTeX Font Info:    Font shape `TU/texgyrepagella-regular.otf(0)/b/n' will be
(Font)              scaled to size 17.28pt on input line 134.
LaTeX Font Info:    Font shape `TU/texgyrepagella-regular.otf(0)/m/n' will be
(Font)              scaled to size 12.0pt on input line 134.
LaTeX Font Info:    Font shape `TU/texgyrepagella-regular.otf(0)/m/n' will be
(Font)              scaled to size 10.0pt on input line 134.
LaTeX Font Info:    Font shape `TU/texgyrepagella-regular.otf(0)/m/n' will be
(Font)              scaled to size 14.4pt on input line 135.
LaTeX Font Info:    Font shape `TU/texgyrepagella-regular.otf(0)/b/n' will be
(Font)              scaled to size 14.4pt on input line 135.
LaTeX Font Info:    Font shape `TU/texgyrepagella-math.otf(1)/m/n' will be
(Font)              scaled to size 8.103pt on input line 137.
LaTeX Font Info:    Font shape `TU/texgyrepagella-math.otf(1)/m/n' will be
(Font)              scaled to size 6.0225pt on input line 137.
LaTeX Font Info:    Trying to load font information for OML+lmm on input line 1
37.
 (omllmm.fd
File: omllmm.fd 2015/05/01 v1.6.1 Font defs for Latin Modern
)
LaTeX Font Info:    Font shape `TU/texgyrepagella-math.otf(2)/m/n' will be
(Font)              scaled to size 10.95099pt on input line 137.
LaTeX Font Info:    Font shape `TU/texgyrepagella-math.otf(2)/m/n' will be
(Font)              scaled to size 8.10373pt on input line 137.
LaTeX Font Info:    Font shape `TU/texgyrepagella-math.otf(2)/m/n' will be
(Font)              scaled to size 6.02306pt on input line 137.
LaTeX Font Info:    Font shape `TU/texgyrepagella-math.otf(3)/m/n' will be
(Font)              scaled to size 10.94882pt on input line 137.
LaTeX Font Info:    Font shape `TU/texgyrepagella-math.otf(3)/m/n' will be
(Font)              scaled to size 8.10213pt on input line 137.
LaTeX Font Info:    Font shape `TU/texgyrepagella-math.otf(3)/m/n' will be
(Font)              scaled to size 6.02185pt on input line 137.
LaTeX Font Info:    Trying to load font information for U+msa on input line 137
.
 (umsa.fd
File: umsa.fd 2013/01/14 v3.01 AMS symbols A
)
(mt-msa.cfg
File: mt-msa.cfg 2006/02/04 v1.1 microtype config. file: AMS symbols (a) (RS)
)
LaTeX Font Info:    Trying to load font information for U+msb on input line 137
.
 (umsb.fd
File: umsb.fd 2013/01/14 v3.01 AMS symbols B
) (mt-msb.cfg
File: mt-msb.cfg 2005/06/01 v1.0 microtype config. file: AMS symbols (b) (RS)
)
LaTeX Font Info:    Font shape `TU/texgyrepagella-regular.otf(1)/m/n' will be
(Font)              scaled to size 10.95pt on input line 137.
LaTeX Font Info:    Font shape `TU/texgyrepagella-regular.otf(1)/m/n' will be
(Font)              scaled to size 8.103pt on input line 137.
LaTeX Font Info:    Font shape `TU/texgyrepagella-regular.otf(1)/m/n' will be
(Font)              scaled to size 6.0225pt on input line 137.
LaTeX Font Info:    Font shape `TU/texgyrepagella-regular.otf(0)/b/n' will be
(Font)              scaled to size 10.95pt on input line 141.
 [1

]
LaTeX Font Info:    Font shape `TU/texgyrepagella-regular.otf(0)/m/it' will be
(Font)              scaled to size 10.95pt on input line 161.
 [2]
LaTeX Font Info:    Font shape `TU/lmmono10-regular.otf(0)/m/n' will be
(Font)              scaled to size 11.9154pt on input line 179.

PAPER-EQUATION-WIDTH: 358.3904pt; available 460.93466pt; tag 1
PAPER-EQUATION-WIDTH: 406.50801pt; available 460.93466pt; tag 2
PAPER-EQUATION-WIDTH: 274.41508pt; available 460.93466pt; tag 2a
[3]
File: figures/01_octagon_metrics.pdf Graphic file (type pdf)
<use figures/01_octagon_metrics.pdf>


Package caption Warning: The option `hypcap=true' will be ignored for this
(caption)                particular \caption on input line 206.
See the caption package documentation for explanation.

PAPER-EQUATION-WIDTH: 289.14308pt; available 460.93466pt; tag 3
PAPER-EQUATION-WIDTH: 164.102pt; available 460.93466pt; tag 4
[4]
File: figures/02_three_frames.pdf Graphic file (type pdf)
<use figures/02_three_frames.pdf>


Package caption Warning: The option `hypcap=true' will be ignored for this
(caption)                particular \caption on input line 231.
See the caption package documentation for explanation.

PAPER-EQUATION-WIDTH: 360.71696pt; available 460.93466pt; tag 5
PAPER-EQUATION-WIDTH: 226.98064pt; available 460.93466pt; tag 6
[5]
PAPER-EQUATION-WIDTH: 248.99474pt; available 460.93466pt; tag 
PAPER-EQUATION-WIDTH: 195.37259pt; available 460.93466pt; tag 7
PAPER-EQUATION-WIDTH: 292.0652pt; available 460.93466pt; tag 8
File: figures/03_alternating.pdf Graphic file (type pdf)
<use figures/03_alternating.pdf>

Package caption Warning: The option `hypcap=true' will be ignored for this
(caption)                particular \caption on input line 274.
See the caption package documentation for explanation.

[6]
PAPER-EQUATION-WIDTH: 152.2725pt; available 460.93466pt; tag 9
PAPER-EQUATION-WIDTH: 207.43776pt; available 460.93466pt; tag 10
[7]
File: figures/04_regular_roles.pdf Graphic file (type pdf)
<use figures/04_regular_roles.pdf>


Package caption Warning: The option `hypcap=true' will be ignored for this
(caption)                particular \caption on input line 305.
See the caption package documentation for explanation.

PAPER-EQUATION-WIDTH: 283.99048pt; available 460.93466pt; tag 11
[8]
PAPER-EQUATION-WIDTH: 285.92131pt; available 460.93466pt; tag 12
PAPER-EQUATION-WIDTH: 128.34435pt; available 460.93466pt; tag 
PAPER-EQUATION-WIDTH: 165.88095pt; available 460.93466pt; tag 13
PAPER-EQUATION-WIDTH: 303.6238pt; available 460.93466pt; tag 14
LaTeX Font Info:    Font shape `TU/texgyrepagella-regular.otf(0)/m/n' will be
(Font)              scaled to size 8.103pt on input line 353.
LaTeX Font Info:    Font shape `TU/texgyrepagella-regular.otf(0)/m/n' will be
(Font)              scaled to size 6.0225pt on input line 353.
PAPER-EQUATION-WIDTH: 293.82764pt; available 460.93466pt; tag 15
PAPER-EQUATION-WIDTH: 109.0349pt; available 460.93466pt; tag 16
[9]
PAPER-EQUATION-WIDTH: 171.75346pt; available 460.93466pt; tag 16a
PAPER-EQUATION-WIDTH: 132.25244pt; available 460.93466pt; tag 16b
File: figures/05_support_triangle.pdf Graphic file (type pdf)
<use figures/05_support_triangle.pdf>

Package caption Warning: The option `hypcap=true' will be ignored for this
(caption)                particular \caption on input line 381.
See the caption package documentation for explanation.

[10]
File: figures/06_regular_truncation.pdf Graphic file (type pdf)
<use figures/06_regular_truncation.pdf>


Package caption Warning: The option `hypcap=true' will be ignored for this
(caption)                particular \caption on input line 391.
See the caption package documentation for explanation.

[11] [12]
PAPER-EQUATION-WIDTH: 257.17949pt; available 460.93466pt; tag 17
PAPER-EQUATION-WIDTH: 135.80524pt; available 460.93466pt; tag 18
File: figures/07_complete_frames.pdf Graphic file (type pdf)
<use figures/07_complete_frames.pdf>

Package caption Warning: The option `hypcap=true' will be ignored for this
(caption)                particular \caption on input line 428.
See the caption package documentation for explanation.

[13] [14]
PAPER-EQUATION-WIDTH: 197.86853pt; available 460.93466pt; tag 19
PAPER-EQUATION-WIDTH: 151.40631pt; available 460.93466pt; tag 20
PAPER-EQUATION-WIDTH: 203.50969pt; available 460.93466pt; tag 21
PAPER-EQUATION-WIDTH: 224.64299pt; available 460.93466pt; tag 22
File: figures/08_paper_c_measurement.pdf Graphic file (type pdf)
<use figures/08_paper_c_measurement.pdf>

Package caption Warning: The option `hypcap=true' will be ignored for this
(caption)                particular \caption on input line 468.
See the caption package documentation for explanation.

[15]
LaTeX Font Info:    Font shape `TU/texgyrepagella-regular.otf(0)/b/n' will be
(Font)              scaled to size 12.0pt on input line 479.

PAPER-EQUATION-WIDTH: 233.99408pt; available 460.93466pt; tag 23
[16]
PAPER-EQUATION-WIDTH: 77.43861pt; available 460.93466pt; tag 
PAPER-EQUATION-WIDTH: 222.789pt; available 460.93466pt; tag 24
PAPER-EQUATION-WIDTH: 248.79851pt; available 460.93466pt; tag 25
PAPER-EQUATION-WIDTH: 261.07777pt; available 460.93466pt; tag 26
PAPER-EQUATION-WIDTH: 199.99236pt; available 460.93466pt; tag 27
[17]
File: figures/09_translation_and_shrink.pdf Graphic file (type pdf)
<use figures/09_translation_and_shrink.pdf>


Package caption Warning: The option `hypcap=true' will be ignored for this
(caption)                particular \caption on input line 535.
See the caption package documentation for explanation.

PAPER-EQUATION-WIDTH: 73.58601pt; available 460.93466pt; tag 28
PAPER-EQUATION-WIDTH: 261.78455pt; available 460.93466pt; tag 29
[18] [19]
PAPER-EQUATION-WIDTH: 369.03581pt; available 460.93466pt; tag 30
PAPER-EQUATION-WIDTH: 304.2655pt; available 460.93466pt; tag 31
PAPER-EQUATION-WIDTH: 167.62746pt; available 460.93466pt; tag 32
PAPER-EQUATION-WIDTH: 269.45871pt; available 460.93466pt; tag 33
[20] [21]
PAPER-EQUATION-WIDTH: 137.35922pt; available 460.93466pt; tag 34
PAPER-EQUATION-WIDTH: 268.2472pt; available 460.93466pt; tag 35
PAPER-EQUATION-WIDTH: 273.29562pt; available 460.93466pt; tag 36
[22] [23] [24] [25]
LaTeX Font Info:    Font shape `TU/texgyrepagella-regular.otf(0)/b/n' will be
(Font)              scaled to size 10.0pt on input line 798.
LaTeX Font Info:    Font shape `TU/texgyrepagella-regular.otf(0)/m/it' will be
(Font)              scaled to size 10.0pt on input line 798.


Package caption Warning: Unused \captionsetup[table] on input line 48.
See the caption package documentation for explanation.

[26] (paper_D_v0.1.1.aux) )
Output written on paper_D_v0.1.1.xdv (26 pages, 682404 bytes).
