note: "version 2" Tectonic command-line interface activated
note: using only cached resource files
note: Running TeX ...
note: Rerunning TeX because "main.aux" changed ...
note: Rerunning TeX because "main.aux" changed ...
note: Running xdvipdfmx ...
note: Writing `C:\TORMENT\TRIOCTAGON_new\publication_workspaces\three_way_reconstruction_20261005\build\main.log` (29.2158203125 KiB)
note: Writing `C:\TORMENT\TRIOCTAGON_new\publication_workspaces\three_way_reconstruction_20261005\build\main.pdf` (426.3388671875 KiB)
note: Writing `C:\TORMENT\TRIOCTAGON_new\publication_workspaces\three_way_reconstruction_20261005\build\main.toc` (5.314453125 KiB)
note: Writing `C:\TORMENT\TRIOCTAGON_new\publication_workspaces\three_way_reconstruction_20261005\build\main.aux` (27.220703125 KiB)
warning: references.tex:14: Underfull \hbox (badness 1924) in paragraph at lines 13--14
warning: references.tex:14: Underfull \hbox (badness 1622) in paragraph at lines 13--14
warning: 05_examples_physics.tex:80: Underfull \hbox (badness 1242) in paragraph at lines 78--80
warning: 06_evidence.tex:11: Underfull \hbox (badness 3281) in paragraph at lines 10--11
warning: references.tex:14: Underfull \hbox (badness 1924) in paragraph at lines 13--14
warning: references.tex:14: Underfull \hbox (badness 1622) in paragraph at lines 13--14
warning: 05_examples_physics.tex:80: Underfull \hbox (badness 1242) in paragraph at lines 78--80
warning: 06_evidence.tex:11: Underfull \hbox (badness 3281) in paragraph at lines 10--11
warning: references.tex:14: Underfull \hbox (badness 1924) in paragraph at lines 13--14
warning: references.tex:14: Underfull \hbox (badness 1622) in paragraph at lines 13--14
warning: warnings were issued by the TeX engine; use --print and/or --keep-logs for details.
