{
  "python": "3.12.14 (main, Aug 25 2026, 14:01:42) [MSC v.1944 64 bit (AMD64)]",
  "pandoc": "pandoc 3.11",
  "tectonic": "Tectonic 0.17.0",
  "pandoc_sha256": "e0057eaf640d08ba028b70721d4f7b63a685c30430de9db89aea84de2d4a1912",
  "tectonic_sha256": "99ffcfdbf1ebf8bdda9e791942e3d06aedb12463fddc33f07de6f5211c8bf08d",
  "source_date_epoch": "1790121600",
  "cache": "explicit pre-existing tool resource cache; --only-cached; no scientific archive fallback",
  "pdf_sha256": "4a470019ca311d245c3d24e1a870d2ddaf4a25f3809ae2ee04d030d40a919d82",
  "manuscript_sha256": "19972277060588a3d3c3550a9cecc1274550bba14bed6e5e962b853054d13a07",
  "tex_sha256": "d207e982a51c437e82d2d385651b86cf54c2725cf3fe17b11005bc78e9b61d66",
  "display_equation_blocks": 26,
  "equation_labels": [
    "1",
    "2",
    "3",
    "4",
    "5",
    "6",
    "7",
    "8",
    "9",
    "10",
    "11",
    "12",
    "13",
    "14",
    "15",
    "16",
    "17",
    "18",
    "19",
    "20",
    "21",
    "22",
    "23",
    "24",
    "25",
    "26"
  ],
  "figures": 5,
  "omitted_scientific_nodes": 0,
  "transformation": "Only display-math wrappers replaced by measured paperdisplay; original math body preserved.",
  "source_sha256": "19972277060588a3d3c3550a9cecc1274550bba14bed6e5e962b853054d13a07"
}
